../Core/Src/main.c:67:6:chenillard1	8	static
../Core/Src/main.c:80:6:chenillard2	8	static
../Core/Src/main.c:90:6:chenillard3	8	static
../Core/Src/main.c:105:5:main	8	static
../Core/Src/main.c:159:6:SystemClock_Config	88	static
../Core/Src/main.c:198:6:HAL_UART_RxCpltCallback	16	static
../Core/Src/main.c:285:6:TurnOffAllLEDs	8	static
../Core/Src/main.c:289:6:HAL_TIM_PeriodElapsedCallback	16	static
../Core/Src/main.c:304:6:MPU_Config	24	static
../Core/Src/main.c:335:6:Error_Handler	4	static,ignoring_inline_asm
